SIMULACION: Escenario 5 - Dia de entregas en el laboratorio
Fecha: 06/09/2026 23:15:01
======================================================================
[23:15:01] [INICIO  ] Inicio de la simulacion 'Escenario 5 - Dia de entregas en el laboratorio'.
[23:15:01] [INICIO  ] Memoria total: 2048 MB. Procesos: 7. Recursos: ['impresora_laser', 'escaner', 'plotter', 'usb_respaldo', 'servidor_bd'].
[23:15:01] [SYSCALL ] TESIS-A solicita el servicio 'solicitar memoria' (equivale a malloc() / brk()) | recorrido: Aplicacion -> Shell -> Kernel -> Hardware (RAM)
[23:15:01] [MEMORIA ] Se asignaron 300 MB a TESIS-A. Usada: 300/2048 MB, libre: 1748 MB.
[23:15:01] [SYSCALL ] TESIS-B solicita el servicio 'solicitar memoria' (equivale a malloc() / brk()) | recorrido: Aplicacion -> Shell -> Kernel -> Hardware (RAM)
[23:15:01] [MEMORIA ] Se asignaron 280 MB a TESIS-B. Usada: 580/2048 MB, libre: 1468 MB.
[23:15:01] [SYSCALL ] TESIS-C solicita el servicio 'solicitar memoria' (equivale a malloc() / brk()) | recorrido: Aplicacion -> Shell -> Kernel -> Hardware (RAM)
[23:15:01] [MEMORIA ] Se asignaron 260 MB a TESIS-C. Usada: 840/2048 MB, libre: 1208 MB.
[23:15:01] [SYSCALL ] CONTROL solicita el servicio 'solicitar memoria' (equivale a malloc() / brk()) | recorrido: Aplicacion -> Shell -> Kernel -> Hardware (RAM)
[23:15:01] [MEMORIA ] Se asignaron 200 MB a CONTROL. Usada: 1040/2048 MB, libre: 1008 MB.
[23:15:01] [SYSCALL ] CONSULTA solicita el servicio 'solicitar memoria' (equivale a malloc() / brk()) | recorrido: Aplicacion -> Shell -> Kernel -> Hardware (RAM)
[23:15:01] [MEMORIA ] Se asignaron 150 MB a CONSULTA. Usada: 1190/2048 MB, libre: 858 MB.
[23:15:01] [SYSCALL ] RESPALDO-1 solicita el servicio 'solicitar memoria' (equivale a malloc() / brk()) | recorrido: Aplicacion -> Shell -> Kernel -> Hardware (RAM)
[23:15:01] [MEMORIA ] Se asignaron 180 MB a RESPALDO-1. Usada: 1370/2048 MB, libre: 678 MB.
[23:15:01] [SYSCALL ] RESPALDO-2 solicita el servicio 'solicitar memoria' (equivale a malloc() / brk()) | recorrido: Aplicacion -> Shell -> Kernel -> Hardware (RAM)
[23:15:01] [MEMORIA ] Se asignaron 180 MB a RESPALDO-2. Usada: 1550/2048 MB, libre: 498 MB.
[23:15:01] [SYSCALL ] TESIS-A solicita el servicio 'solicitar el recurso 'impresora_laser'' (equivale a ioctl() / open() sobre un dispositivo) | recorrido: Aplicacion -> Shell -> Kernel (driver) -> Hardware
[23:15:01] [RECURSO ] Se asigno el recurso 'impresora_laser' a TESIS-A. Instancias libres: 0/1.
[23:15:01] [SYSCALL ] TESIS-B solicita el servicio 'solicitar el recurso 'escaner'' (equivale a ioctl() / open() sobre un dispositivo) | recorrido: Aplicacion -> Shell -> Kernel (driver) -> Hardware
[23:15:01] [RECURSO ] Se asigno el recurso 'escaner' a TESIS-B. Instancias libres: 0/1.
[23:15:01] [SYSCALL ] TESIS-C solicita el servicio 'solicitar el recurso 'plotter'' (equivale a ioctl() / open() sobre un dispositivo) | recorrido: Aplicacion -> Shell -> Kernel (driver) -> Hardware
[23:15:01] [RECURSO ] Se asigno el recurso 'plotter' a TESIS-C. Instancias libres: 0/1.
[23:15:01] [SYSCALL ] CONTROL solicita el servicio 'solicitar el recurso 'servidor_bd'' (equivale a ioctl() / open() sobre un dispositivo) | recorrido: Aplicacion -> Shell -> Kernel (driver) -> Hardware
[23:15:01] [RECURSO ] Se asigno el recurso 'servidor_bd' a CONTROL. Instancias libres: 1/2.
[23:15:01] [SYSCALL ] CONSULTA solicita el servicio 'solicitar el recurso 'servidor_bd'' (equivale a ioctl() / open() sobre un dispositivo) | recorrido: Aplicacion -> Shell -> Kernel (driver) -> Hardware
[23:15:01] [RECURSO ] Se asigno el recurso 'servidor_bd' a CONSULTA. Instancias libres: 0/2.
[23:15:01] [SYSCALL ] RESPALDO-1 solicita el servicio 'solicitar el recurso 'usb_respaldo'' (equivale a ioctl() / open() sobre un dispositivo) | recorrido: Aplicacion -> Shell -> Kernel (driver) -> Hardware
[23:15:01] [RECURSO ] Se asigno el recurso 'usb_respaldo' a RESPALDO-1. Instancias libres: 1/2.
[23:15:01] [SYSCALL ] RESPALDO-2 solicita el servicio 'solicitar el recurso 'usb_respaldo'' (equivale a ioctl() / open() sobre un dispositivo) | recorrido: Aplicacion -> Shell -> Kernel (driver) -> Hardware
[23:15:01] [RECURSO ] Se asigno el recurso 'usb_respaldo' a RESPALDO-2. Instancias libres: 0/2.
[23:15:01] [CPU     ] TESIS-A esta trabajando (1/3).
[23:15:01] [CPU     ] TESIS-B esta trabajando (1/3).
[23:15:01] [CPU     ] TESIS-C esta trabajando (1/3).
[23:15:01] [SYSCALL ] CONTROL solicita el servicio 'escribir en 'kardex.csv'' (equivale a write()) | recorrido: Aplicacion -> Kernel (sistema de archivos) -> Hardware (disco)
[23:15:01] [ARCHIVO ] CONTROL escribio en 'kardex.csv' y lo mantiene abierto.
[23:15:01] [SYSCALL ] CONSULTA solicita el servicio 'leer 'manual_practicas.pdf'' (equivale a read()) | recorrido: Aplicacion -> Kernel (sistema de archivos) -> Hardware (disco)
[23:15:01] [ARCHIVO ] CONSULTA leyo el archivo 'manual_practicas.pdf'.
[23:15:01] [SYSCALL ] RESPALDO-1 solicita el servicio 'escribir en 'bitacora_lab.txt'' (equivale a write()) | recorrido: Aplicacion -> Kernel (sistema de archivos) -> Hardware (disco)
[23:15:01] [ARCHIVO ] RESPALDO-1 escribio en 'bitacora_lab.txt' y lo mantiene abierto.
[23:15:01] [SYSCALL ] RESPALDO-2 solicita el servicio 'crear el archivo 'copia_semanal.zip'' (equivale a creat() / open(O_CREAT)) | recorrido: Aplicacion -> Shell -> Kernel (sistema de archivos) -> Hardware (disco)
[23:15:01] [ARCHIVO ] RESPALDO-2 creo el archivo 'copia_semanal.zip'.
[23:15:01] [CPU     ] TESIS-A esta trabajando (2/3).
[23:15:01] [CPU     ] TESIS-B esta trabajando (2/3).
[23:15:01] [CPU     ] TESIS-C esta trabajando (2/3).
[23:15:01] [CPU     ] CONTROL esta trabajando (1/2).
[23:15:01] [CPU     ] CONSULTA esta trabajando (1/2).
[23:15:01] [SYSCALL ] RESPALDO-1 solicita el servicio 'cerrar 'bitacora_lab.txt'' (equivale a close()) | recorrido: Aplicacion -> Kernel (sistema de archivos)
[23:15:01] [ARCHIVO ] RESPALDO-1 cerro el archivo 'bitacora_lab.txt'.
[23:15:01] [SYSCALL ] RESPALDO-2 solicita el servicio 'escribir en 'copia_semanal.zip'' (equivale a write()) | recorrido: Aplicacion -> Kernel (sistema de archivos) -> Hardware (disco)
[23:15:01] [ARCHIVO ] RESPALDO-2 escribio en 'copia_semanal.zip' y lo mantiene abierto.
[23:15:01] [CPU     ] TESIS-A esta trabajando (3/3).
[23:15:01] [CPU     ] TESIS-B esta trabajando (3/3).
[23:15:01] [CPU     ] TESIS-C esta trabajando (3/3).
[23:15:01] [CPU     ] CONTROL esta trabajando (2/2).
[23:15:01] [CPU     ] CONSULTA esta trabajando (2/2).
[23:15:01] [SYSCALL ] RESPALDO-1 solicita el servicio 'liberar el recurso 'usb_respaldo'' (equivale a close() / release()) | recorrido: Aplicacion -> Kernel (driver) -> Hardware
[23:15:01] [RECURSO ] RESPALDO-1 libero el recurso 'usb_respaldo'. Instancias libres: 1/2.
[23:15:01] [SYSCALL ] RESPALDO-2 solicita el servicio 'cerrar 'copia_semanal.zip'' (equivale a close()) | recorrido: Aplicacion -> Kernel (sistema de archivos)
[23:15:01] [ARCHIVO ] RESPALDO-2 cerro el archivo 'copia_semanal.zip'.
[23:15:01] [SYSCALL ] TESIS-A solicita el servicio 'solicitar el recurso 'escaner'' (equivale a ioctl() / open() sobre un dispositivo) | recorrido: Aplicacion -> Shell -> Kernel (driver) -> Hardware
[23:15:01] [RECURSO ] El recurso 'escaner' esta ocupado por ['TESIS-B']. TESIS-A pasa a ESPERANDO.
[23:15:01] [SYSCALL ] TESIS-B solicita el servicio 'solicitar el recurso 'plotter'' (equivale a ioctl() / open() sobre un dispositivo) | recorrido: Aplicacion -> Shell -> Kernel (driver) -> Hardware
[23:15:01] [RECURSO ] El recurso 'plotter' esta ocupado por ['TESIS-C']. TESIS-B pasa a ESPERANDO.
[23:15:01] [SYSCALL ] TESIS-C solicita el servicio 'solicitar el recurso 'impresora_laser'' (equivale a ioctl() / open() sobre un dispositivo) | recorrido: Aplicacion -> Shell -> Kernel (driver) -> Hardware
[23:15:01] [RECURSO ] El recurso 'impresora_laser' esta ocupado por ['TESIS-A']. TESIS-C pasa a ESPERANDO.
[23:15:01] [SYSCALL ] CONTROL solicita el servicio 'cerrar 'kardex.csv'' (equivale a close()) | recorrido: Aplicacion -> Kernel (sistema de archivos)
[23:15:01] [ARCHIVO ] CONTROL cerro el archivo 'kardex.csv'.
[23:15:01] [SYSCALL ] CONSULTA solicita el servicio 'liberar el recurso 'servidor_bd'' (equivale a close() / release()) | recorrido: Aplicacion -> Kernel (driver) -> Hardware
[23:15:01] [RECURSO ] CONSULTA libero el recurso 'servidor_bd'. Instancias libres: 1/2.
[23:15:01] [SYSCALL ] RESPALDO-1 solicita el servicio 'terminar el proceso' (equivale a exit()) | recorrido: Aplicacion -> Shell -> Kernel
[23:15:01] [SYSCALL ] RESPALDO-1 solicita el servicio 'liberar memoria' (equivale a free() / exit()) | recorrido: Aplicacion -> Kernel -> Hardware (RAM)
[23:15:01] [MEMORIA ] Se liberaron 180 MB de RESPALDO-1. Usada: 1370/2048 MB, libre: 678 MB.
[23:15:01] [PROCESO ] RESPALDO-1 TERMINO (ejecuto la accion terminar).
[23:15:01] [SYSCALL ] RESPALDO-2 solicita el servicio 'mover 'copia_semanal.zip' a 'respaldos_copia_semanal.zip'' (equivale a rename()) | recorrido: Aplicacion -> Kernel (sistema de archivos) -> Hardware (disco)
[23:15:01] [ARCHIVO ] RESPALDO-2 movio 'copia_semanal.zip' a 'respaldos_copia_semanal.zip'.
[23:15:01] [SYSCALL ] TESIS-A solicita el servicio 'solicitar el recurso 'escaner'' (equivale a ioctl() / open() sobre un dispositivo) | recorrido: Aplicacion -> Shell -> Kernel (driver) -> Hardware
[23:15:01] [RECURSO ] El recurso 'escaner' esta ocupado por ['TESIS-B']. TESIS-A pasa a ESPERANDO.
[23:15:01] [SYSCALL ] TESIS-B solicita el servicio 'solicitar el recurso 'plotter'' (equivale a ioctl() / open() sobre un dispositivo) | recorrido: Aplicacion -> Shell -> Kernel (driver) -> Hardware
[23:15:01] [RECURSO ] El recurso 'plotter' esta ocupado por ['TESIS-C']. TESIS-B pasa a ESPERANDO.
[23:15:01] [SYSCALL ] TESIS-C solicita el servicio 'solicitar el recurso 'impresora_laser'' (equivale a ioctl() / open() sobre un dispositivo) | recorrido: Aplicacion -> Shell -> Kernel (driver) -> Hardware
[23:15:01] [RECURSO ] El recurso 'impresora_laser' esta ocupado por ['TESIS-A']. TESIS-C pasa a ESPERANDO.
[23:15:01] [SYSCALL ] CONTROL solicita el servicio 'liberar el recurso 'servidor_bd'' (equivale a close() / release()) | recorrido: Aplicacion -> Kernel (driver) -> Hardware
[23:15:01] [RECURSO ] CONTROL libero el recurso 'servidor_bd'. Instancias libres: 2/2.
[23:15:01] [SYSCALL ] CONSULTA solicita el servicio 'terminar el proceso' (equivale a exit()) | recorrido: Aplicacion -> Shell -> Kernel
[23:15:01] [SYSCALL ] CONSULTA solicita el servicio 'liberar memoria' (equivale a free() / exit()) | recorrido: Aplicacion -> Kernel -> Hardware (RAM)
[23:15:01] [MEMORIA ] Se liberaron 150 MB de CONSULTA. Usada: 1220/2048 MB, libre: 828 MB.
[23:15:01] [PROCESO ] CONSULTA TERMINO (ejecuto la accion terminar).
[23:15:01] [SYSCALL ] RESPALDO-2 solicita el servicio 'liberar el recurso 'usb_respaldo'' (equivale a close() / release()) | recorrido: Aplicacion -> Kernel (driver) -> Hardware
[23:15:01] [RECURSO ] RESPALDO-2 libero el recurso 'usb_respaldo'. Instancias libres: 2/2.
[23:15:01] [SYSCALL ] TESIS-A solicita el servicio 'solicitar el recurso 'escaner'' (equivale a ioctl() / open() sobre un dispositivo) | recorrido: Aplicacion -> Shell -> Kernel (driver) -> Hardware
[23:15:01] [RECURSO ] El recurso 'escaner' esta ocupado por ['TESIS-B']. TESIS-A pasa a ESPERANDO.
[23:15:01] [SYSCALL ] TESIS-B solicita el servicio 'solicitar el recurso 'plotter'' (equivale a ioctl() / open() sobre un dispositivo) | recorrido: Aplicacion -> Shell -> Kernel (driver) -> Hardware
[23:15:01] [RECURSO ] El recurso 'plotter' esta ocupado por ['TESIS-C']. TESIS-B pasa a ESPERANDO.
[23:15:01] [SYSCALL ] TESIS-C solicita el servicio 'solicitar el recurso 'impresora_laser'' (equivale a ioctl() / open() sobre un dispositivo) | recorrido: Aplicacion -> Shell -> Kernel (driver) -> Hardware
[23:15:01] [RECURSO ] El recurso 'impresora_laser' esta ocupado por ['TESIS-A']. TESIS-C pasa a ESPERANDO.
[23:15:01] [SYSCALL ] CONTROL solicita el servicio 'terminar el proceso' (equivale a exit()) | recorrido: Aplicacion -> Shell -> Kernel
[23:15:01] [SYSCALL ] CONTROL solicita el servicio 'liberar memoria' (equivale a free() / exit()) | recorrido: Aplicacion -> Kernel -> Hardware (RAM)
[23:15:01] [MEMORIA ] Se liberaron 200 MB de CONTROL. Usada: 1020/2048 MB, libre: 1028 MB.
[23:15:01] [PROCESO ] CONTROL TERMINO (ejecuto la accion terminar).
[23:15:01] [SYSCALL ] RESPALDO-2 solicita el servicio 'terminar el proceso' (equivale a exit()) | recorrido: Aplicacion -> Shell -> Kernel
[23:15:01] [SYSCALL ] RESPALDO-2 solicita el servicio 'liberar memoria' (equivale a free() / exit()) | recorrido: Aplicacion -> Kernel -> Hardware (RAM)
[23:15:01] [MEMORIA ] Se liberaron 180 MB de RESPALDO-2. Usada: 840/2048 MB, libre: 1208 MB.
[23:15:01] [PROCESO ] RESPALDO-2 TERMINO (ejecuto la accion terminar).
[23:15:01] [SYSCALL ] TESIS-A solicita el servicio 'solicitar el recurso 'escaner'' (equivale a ioctl() / open() sobre un dispositivo) | recorrido: Aplicacion -> Shell -> Kernel (driver) -> Hardware
[23:15:01] [RECURSO ] El recurso 'escaner' esta ocupado por ['TESIS-B']. TESIS-A pasa a ESPERANDO.
[23:15:01] [SYSCALL ] TESIS-B solicita el servicio 'solicitar el recurso 'plotter'' (equivale a ioctl() / open() sobre un dispositivo) | recorrido: Aplicacion -> Shell -> Kernel (driver) -> Hardware
[23:15:01] [RECURSO ] El recurso 'plotter' esta ocupado por ['TESIS-C']. TESIS-B pasa a ESPERANDO.
[23:15:01] [SYSCALL ] TESIS-C solicita el servicio 'solicitar el recurso 'impresora_laser'' (equivale a ioctl() / open() sobre un dispositivo) | recorrido: Aplicacion -> Shell -> Kernel (driver) -> Hardware
[23:15:01] [RECURSO ] El recurso 'impresora_laser' esta ocupado por ['TESIS-A']. TESIS-C pasa a ESPERANDO.
[23:15:01] [DEADLOCK] INTERBLOQUEO DETECTADO. Ciclo: impresora_laser -> TESIS-A -> escaner -> TESIS-B -> plotter -> TESIS-C -> impresora_laser
[23:15:01] [DEADLOCK] Procesos involucrados: ['TESIS-A', 'TESIS-B', 'TESIS-C'] | Recursos involucrados: ['impresora_laser', 'escaner', 'plotter']
[23:15:01] [DEADLOCK] Condicion 'Exclusion mutua': SI. Los recursos ['impresora_laser', 'escaner', 'plotter'] no tienen instancias libres y solo pueden usarse por un proceso a la vez.
[23:15:01] [DEADLOCK] Condicion 'Retencion y espera': SI. Los procesos ['TESIS-A', 'TESIS-B', 'TESIS-C'] conservan recursos mientras piden otro.
[23:15:01] [DEADLOCK] Condicion 'No expropiacion': SI. Los recursos ['impresora_laser', 'escaner', 'plotter'] estan marcados como no expropiables: solo se liberan cuando el dueno los suelta.
[23:15:01] [DEADLOCK] Condicion 'Espera circular': SI. El detector encontro el ciclo: impresora_laser -> TESIS-A -> escaner -> TESIS-B -> plotter -> TESIS-C -> impresora_laser
[23:15:01] [ESTRATEGIA] ESTRATEGIA APLICADA: terminacion de victima. Se elige a TESIS-C porque retiene 1 recurso(s) y 260 MB, que es lo menos entre ['TESIS-A', 'TESIS-B', 'TESIS-C'].
[23:15:01] [SYSCALL ] TESIS-C solicita el servicio 'terminar el proceso' (equivale a exit()) | recorrido: Aplicacion -> Shell -> Kernel
[23:15:01] [SYSCALL ] TESIS-C solicita el servicio 'liberar el recurso 'plotter'' (equivale a close() / release()) | recorrido: Aplicacion -> Kernel (driver) -> Hardware
[23:15:01] [RECURSO ] TESIS-C libero el recurso 'plotter'. Instancias libres: 1/1.
[23:15:01] [SYSCALL ] TESIS-C solicita el servicio 'liberar memoria' (equivale a free() / exit()) | recorrido: Aplicacion -> Kernel -> Hardware (RAM)
[23:15:01] [MEMORIA ] Se liberaron 260 MB de TESIS-C. Usada: 580/2048 MB, libre: 1468 MB.
[23:15:01] [PROCESO ] TESIS-B vuelve a LISTO porque se libero 'plotter'.
[23:15:01] [PROCESO ] TESIS-C TERMINO (fue terminado por el SO para romper el interbloqueo).
[23:15:01] [ESTRATEGIA] Se rompio la espera circular. La simulacion continua.
[23:15:01] [SYSCALL ] TESIS-A solicita el servicio 'solicitar el recurso 'escaner'' (equivale a ioctl() / open() sobre un dispositivo) | recorrido: Aplicacion -> Shell -> Kernel (driver) -> Hardware
[23:15:01] [RECURSO ] El recurso 'escaner' esta ocupado por ['TESIS-B']. TESIS-A pasa a ESPERANDO.
[23:15:01] [SYSCALL ] TESIS-B solicita el servicio 'solicitar el recurso 'plotter'' (equivale a ioctl() / open() sobre un dispositivo) | recorrido: Aplicacion -> Shell -> Kernel (driver) -> Hardware
[23:15:01] [RECURSO ] Se asigno el recurso 'plotter' a TESIS-B. Instancias libres: 0/1.
[23:15:01] [SYSCALL ] TESIS-A solicita el servicio 'solicitar el recurso 'escaner'' (equivale a ioctl() / open() sobre un dispositivo) | recorrido: Aplicacion -> Shell -> Kernel (driver) -> Hardware
[23:15:01] [RECURSO ] El recurso 'escaner' esta ocupado por ['TESIS-B']. TESIS-A pasa a ESPERANDO.
[23:15:01] [CPU     ] TESIS-B esta trabajando (1/1).
[23:15:01] [SYSCALL ] TESIS-A solicita el servicio 'solicitar el recurso 'escaner'' (equivale a ioctl() / open() sobre un dispositivo) | recorrido: Aplicacion -> Shell -> Kernel (driver) -> Hardware
[23:15:01] [RECURSO ] El recurso 'escaner' esta ocupado por ['TESIS-B']. TESIS-A pasa a ESPERANDO.
[23:15:01] [SYSCALL ] TESIS-B solicita el servicio 'liberar el recurso 'plotter'' (equivale a close() / release()) | recorrido: Aplicacion -> Kernel (driver) -> Hardware
[23:15:01] [RECURSO ] TESIS-B libero el recurso 'plotter'. Instancias libres: 1/1.
[23:15:01] [SYSCALL ] TESIS-A solicita el servicio 'solicitar el recurso 'escaner'' (equivale a ioctl() / open() sobre un dispositivo) | recorrido: Aplicacion -> Shell -> Kernel (driver) -> Hardware
[23:15:01] [RECURSO ] El recurso 'escaner' esta ocupado por ['TESIS-B']. TESIS-A pasa a ESPERANDO.
[23:15:01] [SYSCALL ] TESIS-B solicita el servicio 'liberar el recurso 'escaner'' (equivale a close() / release()) | recorrido: Aplicacion -> Kernel (driver) -> Hardware
[23:15:01] [RECURSO ] TESIS-B libero el recurso 'escaner'. Instancias libres: 1/1.
[23:15:01] [PROCESO ] TESIS-A vuelve a LISTO porque se libero 'escaner'.
[23:15:01] [SYSCALL ] TESIS-A solicita el servicio 'solicitar el recurso 'escaner'' (equivale a ioctl() / open() sobre un dispositivo) | recorrido: Aplicacion -> Shell -> Kernel (driver) -> Hardware
[23:15:01] [RECURSO ] Se asigno el recurso 'escaner' a TESIS-A. Instancias libres: 0/1.
[23:15:01] [SYSCALL ] TESIS-B solicita el servicio 'terminar el proceso' (equivale a exit()) | recorrido: Aplicacion -> Shell -> Kernel
[23:15:01] [SYSCALL ] TESIS-B solicita el servicio 'liberar memoria' (equivale a free() / exit()) | recorrido: Aplicacion -> Kernel -> Hardware (RAM)
[23:15:01] [MEMORIA ] Se liberaron 280 MB de TESIS-B. Usada: 300/2048 MB, libre: 1748 MB.
[23:15:01] [PROCESO ] TESIS-B TERMINO (ejecuto la accion terminar).
[23:15:01] [CPU     ] TESIS-A esta trabajando (1/1).
[23:15:01] [SYSCALL ] TESIS-A solicita el servicio 'liberar el recurso 'escaner'' (equivale a close() / release()) | recorrido: Aplicacion -> Kernel (driver) -> Hardware
[23:15:01] [RECURSO ] TESIS-A libero el recurso 'escaner'. Instancias libres: 1/1.
[23:15:01] [SYSCALL ] TESIS-A solicita el servicio 'liberar el recurso 'impresora_laser'' (equivale a close() / release()) | recorrido: Aplicacion -> Kernel (driver) -> Hardware
[23:15:01] [RECURSO ] TESIS-A libero el recurso 'impresora_laser'. Instancias libres: 1/1.
[23:15:01] [SYSCALL ] TESIS-A solicita el servicio 'terminar el proceso' (equivale a exit()) | recorrido: Aplicacion -> Shell -> Kernel
[23:15:01] [SYSCALL ] TESIS-A solicita el servicio 'liberar memoria' (equivale a free() / exit()) | recorrido: Aplicacion -> Kernel -> Hardware (RAM)
[23:15:01] [MEMORIA ] Se liberaron 300 MB de TESIS-A. Usada: 0/2048 MB, libre: 2048 MB.
[23:15:01] [PROCESO ] TESIS-A TERMINO (ejecuto la accion terminar).
[23:15:01] [FIN     ] Fin de la simulacion: no quedan procesos por ejecutar.
